---
# Source: secrets/templates/db-secret.yaml
apiVersion: v1
kind: Secret
metadata:
  name: db-secret
  namespace: "xraylab-1"  
stringData:
  database-user: "xraylab"
  database-password: "PROVIDE_PASSWORD"
  database-root-password: "PROVIDE_PASSWORD"
  database-host: "xraylabdb"
  database-db: "xraylabdb"
  database-master-password: "PROVIDE_PASSWORD"
  database-master-user: "PROVIDE_PASSWORD"
